<testsuites id="" name="" tests="17" failures="0" skipped="0" errors="0" time="23.548563">
<testsuite name="tests\specs\home.spec.ts" timestamp="2026-02-07T21:36:05.333Z" hostname="" tests="13" failures="0" skipped="0" time="19.364" errors="0">
<testcase name="Home Page Navigaciq › Home" classname="tests\specs\home.spec.ts" time="3.731">
<system-out>
<![CDATA[
[[ATTACHMENT|test-results\tests-specs-home-Home-Page-Navigaciq-Home\trace.zip]]
]]>
</system-out>
</testcase>
<testcase name="Home Page Navigaciq › Do About Us" classname="tests\specs\home.spec.ts" time="0.977">
<system-out>
<![CDATA[
[[ATTACHMENT|test-results\tests-specs-home-Home-Page-Navigaciq-Do-About-Us\trace.zip]]
]]>
</system-out>
</testcase>
<testcase name="Home Page Navigaciq › Do Wish List" classname="tests\specs\home.spec.ts" time="0.577">
<system-out>
<![CDATA[
[[ATTACHMENT|test-results\tests-specs-home-Home-Page-Navigaciq-Do-Wish-List\trace.zip]]
]]>
</system-out>
</testcase>
<testcase name="Home Page Navigaciq › Do Refer A Friend" classname="tests\specs\home.spec.ts" time="0.578">
<system-out>
<![CDATA[
[[ATTACHMENT|test-results\tests-specs-home-Home-Page-Navigaciq-Do-Refer-A-Friend\trace.zip]]
]]>
</system-out>
</testcase>
<testcase name="Home Page Navigaciq › Do Catalog" classname="tests\specs\home.spec.ts" time="0.767">
<system-out>
<![CDATA[
[[ATTACHMENT|test-results\tests-specs-home-Home-Page-Navigaciq-Do-Catalog\trace.zip]]
]]>
</system-out>
</testcase>
<testcase name="Home Page Navigaciq › Do Blog" classname="tests\specs\home.spec.ts" time="0.772">
<system-out>
<![CDATA[
[[ATTACHMENT|test-results\tests-specs-home-Home-Page-Navigaciq-Do-Blog\trace.zip]]
]]>
</system-out>
</testcase>
<testcase name="Home Page Navigaciq › Do Social Facebook" classname="tests\specs\home.spec.ts" time="2.027">
<system-out>
<![CDATA[https://www.facebook.com/shopify

[[ATTACHMENT|test-results\tests-specs-home-Home-Page-Navigaciq-Do-Social-Facebook\trace.zip]]
]]>
</system-out>
</testcase>
<testcase name="Home Page Navigaciq › Do Social Twitter" classname="tests\specs\home.spec.ts" time="2.988">
<system-out>
<![CDATA[https://x.com/sauce_io

[[ATTACHMENT|test-results\tests-specs-home-Home-Page-Navigaciq-Do-Social-Twitter\trace.zip]]
]]>
</system-out>
</testcase>
<testcase name="Home Page Navigaciq › Do Instagram" classname="tests\specs\home.spec.ts" time="1.689">
<system-out>
<![CDATA[https://www.instagram.com/shopify

[[ATTACHMENT|test-results\tests-specs-home-Home-Page-Navigaciq-Do-Instagram\trace.zip]]
]]>
</system-out>
</testcase>
<testcase name="Home Page Navigaciq › Do Pinterest" classname="tests\specs\home.spec.ts" time="2.923">
<system-out>
<![CDATA[https://www.pinterest.com/chrisjhoughton/social-design/

[[ATTACHMENT|test-results\tests-specs-home-Home-Page-Navigaciq-Do-Pinterest\trace.zip]]
]]>
</system-out>
</testcase>
<testcase name="Home Page Navigaciq › Do News" classname="tests\specs\home.spec.ts" time="0.75">
<system-out>
<![CDATA[https://sauce-demo.myshopify.com/blogs/news.atom

[[ATTACHMENT|test-results\tests-specs-home-Home-Page-Navigaciq-Do-News\trace.zip]]
]]>
</system-out>
</testcase>
<testcase name="Nav Tests › Nav There?" classname="tests\specs\home.spec.ts" time="0.576">
<system-out>
<![CDATA[
[[ATTACHMENT|test-results\tests-specs-home-Nav-Tests-Nav-There-\trace.zip]]
]]>
</system-out>
</testcase>
<testcase name="Nav Tests › Nav Search" classname="tests\specs\home.spec.ts" time="1.009">
<system-out>
<![CDATA[https://sauce-demo.myshopify.com/search?type=product&q=shirt

[[ATTACHMENT|test-results\tests-specs-home-Nav-Tests-Nav-Search\trace.zip]]
]]>
</system-out>
</testcase>
</testsuite>
<testsuite name="tests\specs\test.spec.ts" timestamp="2026-02-07T21:36:05.333Z" hostname="" tests="1" failures="0" skipped="0" time="3.495" errors="0">
<testcase name="Home Page Navigaciq › Home" classname="tests\specs\test.spec.ts" time="3.495">
<system-out>
<![CDATA[
[[ATTACHMENT|test-results\tests-specs-test-Home-Page-Navigaciq-Home\trace.zip]]
]]>
</system-out>
</testcase>
</testsuite>
<testsuite name="tests\specs\Testcasestest.spec.ts" timestamp="2026-02-07T21:36:05.333Z" hostname="" tests="3" failures="0" skipped="0" time="0.006" errors="0">
<testcase name="Example: id.spec.js › Defining Id: Format 1 (Qase ID: 1)" classname="tests\specs\Testcasestest.spec.ts" time="0.004">
<system-out>
<![CDATA[
[[ATTACHMENT|test-results\tests-specs-Testcasestest--bdecf-ning-Id-Format-1-Qase-ID-1-\trace.zip]]
]]>
</system-out>
</testcase>
<testcase name="Example: id.spec.js › Defining Id: Format 2" classname="tests\specs\Testcasestest.spec.ts" time="0.001">
<system-out>
<![CDATA[
[[ATTACHMENT|test-results\tests-specs-Testcasestest--7b3a2-pec-js-Defining-Id-Format-2\trace.zip]]
]]>
</system-out>
</testcase>
<testcase name="Example: id.spec.js › Defining Id: Format 3" classname="tests\specs\Testcasestest.spec.ts" time="0.001">
<properties>
<property name="QaseID" value="3">
</property>
</properties>
<system-out>
<![CDATA[
[[ATTACHMENT|test-results\tests-specs-Testcasestest--5a549-pec-js-Defining-Id-Format-3\trace.zip]]
]]>
</system-out>
</testcase>
</testsuite>
</testsuites>